[   21181ms] [INFO] %cDownload the React DevTools for a better development experience: https://react.dev/link/react-devtools font-weight:bold @ http://localhost:3030/_next/static/chunks/0amb_next_dist_08xc7r_._.js:2477
[   21564ms] [LOG] [HMR] connected @ http://localhost:3030/_next/static/chunks/0amb_next_dist_08xc7r_._.js:2477
[   21813ms] [ERROR] Failed to load resource: the server responded with a status of 404 (Not Found) @ http://localhost:3030/favicon.ico:0
[   21893ms] [LOG] [Fast Refresh] rebuilding @ http://localhost:3030/_next/static/chunks/0amb_next_dist_08xc7r_._.js:2477
[   22308ms] [LOG] [Fast Refresh] done in 516ms @ http://localhost:3030/_next/static/chunks/0amb_next_dist_08xc7r_._.js:2477
[42389525ms] [LOG] [Fast Refresh] rebuilding @ http://localhost:3030/_next/static/chunks/0amb_next_dist_08xc7r_._.js:2477
[42389627ms] [LOG] [Fast Refresh] done in 211ms @ http://localhost:3030/_next/static/chunks/0amb_next_dist_08xc7r_._.js:2477
[42399633ms] [LOG] [Fast Refresh] rebuilding @ http://localhost:3030/_next/static/chunks/0amb_next_dist_08xc7r_._.js:2477
[42399778ms] [LOG] [Fast Refresh] done in 241ms @ http://localhost:3030/_next/static/chunks/0amb_next_dist_08xc7r_._.js:2477
[42399899ms] [LOG] [Fast Refresh] rebuilding @ http://localhost:3030/_next/static/chunks/0amb_next_dist_08xc7r_._.js:2477
[42399959ms] [LOG] [Fast Refresh] done in 161ms @ http://localhost:3030/_next/static/chunks/0amb_next_dist_08xc7r_._.js:2477
[42410030ms] [LOG] [Fast Refresh] rebuilding @ http://localhost:3030/_next/static/chunks/0amb_next_dist_08xc7r_._.js:2477
[42410248ms] [LOG] [Fast Refresh] done in 89ms @ http://localhost:3030/_next/static/chunks/0amb_next_dist_08xc7r_._.js:2477
[42410380ms] [LOG] [Fast Refresh] rebuilding @ http://localhost:3030/_next/static/chunks/0amb_next_dist_08xc7r_._.js:2477
[42410381ms] [LOG] [Fast Refresh] done in 125ms @ http://localhost:3030/_next/static/chunks/0amb_next_dist_08xc7r_._.js:2477
[42440363ms] [LOG] [Fast Refresh] rebuilding @ http://localhost:3030/_next/static/chunks/0amb_next_dist_08xc7r_._.js:2477
[42440417ms] [LOG] [Fast Refresh] done in 117ms @ http://localhost:3030/_next/static/chunks/0amb_next_dist_08xc7r_._.js:2477
[42468517ms] [LOG] [Fast Refresh] rebuilding @ http://localhost:3030/_next/static/chunks/0amb_next_dist_08xc7r_._.js:2477
[42468617ms] [LOG] [Fast Refresh] done in 64ms @ http://localhost:3030/_next/static/chunks/0amb_next_dist_08xc7r_._.js:2477
[42501331ms] [LOG] [Fast Refresh] rebuilding @ http://localhost:3030/_next/static/chunks/0amb_next_dist_08xc7r_._.js:2477
[42501360ms] [LOG] [Fast Refresh] done in 72ms @ http://localhost:3030/_next/static/chunks/0amb_next_dist_08xc7r_._.js:2477
[42527071ms] [LOG] [Fast Refresh] rebuilding @ http://localhost:3030/_next/static/chunks/0amb_next_dist_08xc7r_._.js:2477
[42527128ms] [LOG] [Fast Refresh] done in 117ms @ http://localhost:3030/_next/static/chunks/0amb_next_dist_08xc7r_._.js:2477
[42559197ms] [LOG] [Fast Refresh] rebuilding @ http://localhost:3030/_next/static/chunks/0amb_next_dist_08xc7r_._.js:2477
[42559226ms] [LOG] [Fast Refresh] done in 58ms @ http://localhost:3030/_next/static/chunks/0amb_next_dist_08xc7r_._.js:2477
[42603435ms] [LOG] [Fast Refresh] rebuilding @ http://localhost:3030/_next/static/chunks/0amb_next_dist_08xc7r_._.js:2477
[42603794ms] [LOG] [Fast Refresh] done in 352ms @ http://localhost:3030/_next/static/chunks/0amb_next_dist_08xc7r_._.js:2477
[42603959ms] [LOG] [Fast Refresh] rebuilding @ http://localhost:3030/_next/static/chunks/0amb_next_dist_08xc7r_._.js:2477
[42604054ms] [LOG] [Fast Refresh] done in 252ms @ http://localhost:3030/_next/static/chunks/0amb_next_dist_08xc7r_._.js:2477
[42628354ms] [LOG] [Fast Refresh] rebuilding @ http://localhost:3030/_next/static/chunks/0amb_next_dist_08xc7r_._.js:2477
[42628388ms] [LOG] [Fast Refresh] done in 108ms @ http://localhost:3030/_next/static/chunks/0amb_next_dist_08xc7r_._.js:2477
[42638705ms] [LOG] [Fast Refresh] rebuilding @ http://localhost:3030/_next/static/chunks/0amb_next_dist_08xc7r_._.js:2477
[42638736ms] [LOG] [Fast Refresh] done in 38ms @ http://localhost:3030/_next/static/chunks/0amb_next_dist_08xc7r_._.js:2477
