[     360ms] [INFO] %cDownload the React DevTools for a better development experience: https://react.dev/link/react-devtools font-weight:bold @ http://localhost:3030/_next/static/chunks/0amb_next_dist_08xc7r_._.js:2477
[     402ms] [LOG] [HMR] connected @ http://localhost:3030/_next/static/chunks/0amb_next_dist_08xc7r_._.js:2477
[   99796ms] [LOG] [Fast Refresh] rebuilding @ http://localhost:3030/_next/static/chunks/0amb_next_dist_08xc7r_._.js:2477
[   99823ms] ReferenceError: pct is not defined
    at ForecastCard (http://localhost:3030/_next/static/chunks/src_0lm4t0v._.js?id=%255Bproject%255D%252Fsrc%252Fcomponents%252FForecastCard.tsx+%255Bapp-client%255D+%2528ecmascript%2529:90:68)
    at Object.react_stack_bottom_frame (http://localhost:3030/_next/static/chunks/0amb_next_dist_compiled_react-dom_1fvlkmr._.js:15037:24)
    at renderWithHooks (http://localhost:3030/_next/static/chunks/0amb_next_dist_compiled_react-dom_1fvlkmr._.js:4620:24)
    at updateFunctionComponent (http://localhost:3030/_next/static/chunks/0amb_next_dist_compiled_react-dom_1fvlkmr._.js:6081:21)
    at beginWork (http://localhost:3030/_next/static/chunks/0amb_next_dist_compiled_react-dom_1fvlkmr._.js:6691:24)
    at runWithFiberInDEV (http://localhost:3030/_next/static/chunks/0amb_next_dist_compiled_react-dom_1fvlkmr._.js:965:74)
    at performUnitOfWork (http://localhost:3030/_next/static/chunks/0amb_next_dist_compiled_react-dom_1fvlkmr._.js:9555:97)
    at workLoopSync (http://localhost:3030/_next/static/chunks/0amb_next_dist_compiled_react-dom_1fvlkmr._.js:9449:40)
    at renderRootSync (http://localhost:3030/_next/static/chunks/0amb_next_dist_compiled_react-dom_1fvlkmr._.js:9433:13)
    at performWorkOnRoot (http://localhost:3030/_next/static/chunks/0amb_next_dist_compiled_react-dom_1fvlkmr._.js:9098:47)
    at performSyncWorkOnRoot (http://localhost:3030/_next/static/chunks/0amb_next_dist_compiled_react-dom_1fvlkmr._.js:10263:9)
    at flushSyncWorkAcrossRoots_impl (http://localhost:3030/_next/static/chunks/0amb_next_dist_compiled_react-dom_1fvlkmr._.js:10179:316)
    at flushSyncWork$1 (http://localhost:3030/_next/static/chunks/0amb_next_dist_compiled_react-dom_1fvlkmr._.js:9230:86)
    at Object.scheduleRefresh (http://localhost:3030/_next/static/chunks/0amb_next_dist_compiled_react-dom_1fvlkmr._.js:299:13)
    at http://localhost:3030/_next/static/chunks/0amb_next_dist_compiled_124zdqi._.js:391:33
    at Set.forEach (<anonymous>)
    at Object.performReactRefresh (http://localhost:3030/_next/static/chunks/0amb_next_dist_compiled_124zdqi._.js:384:38)
    at applyUpdate (http://localhost:3030/_next/static/chunks/0amb_next_dist_compiled_124zdqi._.js:878:31)
    at http://localhost:3030/_next/static/chunks/0amb_next_dist_compiled_124zdqi._.js:886:13
[   99860ms] [LOG] [Fast Refresh] done in 104ms @ http://localhost:3030/_next/static/chunks/0amb_next_dist_08xc7r_._.js:2477
[  104548ms] [LOG] [Fast Refresh] rebuilding @ http://localhost:3030/_next/static/chunks/0amb_next_dist_08xc7r_._.js:2477
[  104550ms] [WARNING] [Fast Refresh] performing full reload because your application had an unrecoverable error @ http://localhost:3030/_next/static/chunks/0amb_next_dist_08xc7r_._.js:2477
[  104578ms] [LOG] [Fast Refresh] done in 23ms @ http://localhost:3030/_next/static/chunks/0amb_next_dist_08xc7r_._.js:2477
[  104747ms] [INFO] %cDownload the React DevTools for a better development experience: https://react.dev/link/react-devtools font-weight:bold @ http://localhost:3030/_next/static/chunks/0amb_next_dist_08xc7r_._.js:2477
[  104767ms] [LOG] [HMR] connected @ http://localhost:3030/_next/static/chunks/0amb_next_dist_08xc7r_._.js:2477
