[    7137ms] [INFO] %cDownload the React DevTools for a better development experience: https://react.dev/link/react-devtools font-weight:bold @ http://localhost:3030/_next/static/chunks/0amb_next_dist_08xc7r_._.js:2477
[    7554ms] [LOG] [HMR] connected @ http://localhost:3030/_next/static/chunks/0amb_next_dist_08xc7r_._.js:2477
[    7791ms] [LOG] [Fast Refresh] rebuilding @ http://localhost:3030/_next/static/chunks/0amb_next_dist_08xc7r_._.js:2477
[   10503ms] [LOG] [Fast Refresh] done in 2800ms @ http://localhost:3030/_next/static/chunks/0amb_next_dist_08xc7r_._.js:2477
[   91265ms] [LOG] [Fast Refresh] rebuilding @ http://localhost:3030/_next/static/chunks/0amb_next_dist_08xc7r_._.js:2477
[   91859ms] [LOG] [Fast Refresh] done in 701ms @ http://localhost:3030/_next/static/chunks/0amb_next_dist_08xc7r_._.js:2477
[  177430ms] [LOG] [Fast Refresh] rebuilding @ http://localhost:3030/_next/static/chunks/0amb_next_dist_08xc7r_._.js:2477
[  177539ms] [LOG] [Fast Refresh] done in 227ms @ http://localhost:3030/_next/static/chunks/0amb_next_dist_08xc7r_._.js:2477
[  269926ms] [ERROR] WebSocket connection to 'ws://localhost:3030/_next/webpack-hmr?id=lNB8Od0D0plAYUkIsDfuw' failed:  @ http://localhost:3030/_next/static/chunks/0amb_next_dist_client_0u2-gs_._.js:13422
[  278904ms] [ERROR] WebSocket connection to 'ws://localhost:3030/_next/webpack-hmr?id=lNB8Od0D0plAYUkIsDfuw' failed: Error in connection establishment: net::ERR_CONNECTION_REFUSED @ http://localhost:3030/_next/static/chunks/0amb_next_dist_client_0u2-gs_._.js:13422
[  280971ms] [ERROR] WebSocket connection to 'ws://localhost:3030/_next/webpack-hmr?id=lNB8Od0D0plAYUkIsDfuw' failed: Error in connection establishment: net::ERR_CONNECTION_REFUSED @ http://localhost:3030/_next/static/chunks/0amb_next_dist_client_0u2-gs_._.js:13422
[  283156ms] [ERROR] WebSocket connection to 'ws://localhost:3030/_next/webpack-hmr?id=lNB8Od0D0plAYUkIsDfuw' failed: Error in connection establishment: net::ERR_CONNECTION_REFUSED @ http://localhost:3030/_next/static/chunks/0amb_next_dist_client_0u2-gs_._.js:13422
[  284166ms] [ERROR] WebSocket connection to 'ws://localhost:3030/_next/webpack-hmr?id=lNB8Od0D0plAYUkIsDfuw' failed: Error in connection establishment: net::ERR_CONNECTION_REFUSED @ http://localhost:3030/_next/static/chunks/0amb_next_dist_client_0u2-gs_._.js:13422
[  285188ms] [ERROR] WebSocket connection to 'ws://localhost:3030/_next/webpack-hmr?id=lNB8Od0D0plAYUkIsDfuw' failed: Error in connection establishment: net::ERR_CONNECTION_REFUSED @ http://localhost:3030/_next/static/chunks/0amb_next_dist_client_0u2-gs_._.js:13422
[  291197ms] [ERROR] WebSocket connection to 'ws://localhost:3030/_next/webpack-hmr?id=lNB8Od0D0plAYUkIsDfuw' failed: Error in connection establishment: net::ERR_CONNECTION_REFUSED @ http://localhost:3030/_next/static/chunks/0amb_next_dist_client_0u2-gs_._.js:13422
[  296455ms] [ERROR] WebSocket connection to 'ws://localhost:3030/_next/webpack-hmr?id=lNB8Od0D0plAYUkIsDfuw' failed: Error in connection establishment: net::ERR_CONNECTION_REFUSED @ http://localhost:3030/_next/static/chunks/0amb_next_dist_client_0u2-gs_._.js:13422
[  301554ms] [ERROR] WebSocket connection to 'ws://localhost:3030/_next/webpack-hmr?id=lNB8Od0D0plAYUkIsDfuw' failed: Error in connection establishment: net::ERR_CONNECTION_REFUSED @ http://localhost:3030/_next/static/chunks/0amb_next_dist_client_0u2-gs_._.js:13422
[  306657ms] [ERROR] WebSocket connection to 'ws://localhost:3030/_next/webpack-hmr?id=lNB8Od0D0plAYUkIsDfuw' failed: Error in connection establishment: net::ERR_CONNECTION_REFUSED @ http://localhost:3030/_next/static/chunks/0amb_next_dist_client_0u2-gs_._.js:13422
[  312114ms] [ERROR] WebSocket connection to 'ws://localhost:3030/_next/webpack-hmr?id=lNB8Od0D0plAYUkIsDfuw' failed: Error in connection establishment: net::ERR_CONNECTION_REFUSED @ http://localhost:3030/_next/static/chunks/0amb_next_dist_client_0u2-gs_._.js:13422
[  318107ms] [ERROR] WebSocket connection to 'ws://localhost:3030/_next/webpack-hmr?id=lNB8Od0D0plAYUkIsDfuw' failed: Error in connection establishment: net::ERR_CONNECTION_REFUSED @ http://localhost:3030/_next/static/chunks/0amb_next_dist_client_0u2-gs_._.js:13422
[  564669ms] [ERROR] WebSocket connection to 'ws://localhost:3030/_next/webpack-hmr?id=lNB8Od0D0plAYUkIsDfuw' failed: WebSocket opening handshake timed out @ http://localhost:3030/_next/static/chunks/0amb_next_dist_client_0u2-gs_._.js:13422
